// Jest Snapshot v1, https://goo.gl/fbAQLP

exports[`form reducer should handle update form action. 1`] = `
Object {
  "address": "Krypton",
  "name": "Clark",
  "step": 2,
}
`;

exports[`form reducer should have initial state. 1`] = `Object {}`;

exports[`form reducer should return the current state after receiving a dummy action. 1`] = `
Object {
  "data": "current state",
}
`;
